[templates.hibootstrap.com/pizi/default/index.html]
[templates.hibootstrap.com/pizi/default/assets/css/bootstrap.min.css]
[templates.hibootstrap.com/pizi/default/assets/css/owl.theme.default.min.css]
[templates.hibootstrap.com/pizi/default/assets/css/owl.carousel.min.css]
[templates.hibootstrap.com/pizi/default/assets/fonts/flaticon.css]
[templates.hibootstrap.com/pizi/default/assets/css/boxicons.min.css]
[templates.hibootstrap.com/pizi/default/assets/css/animate.min.css]
[templates.hibootstrap.com/pizi/default/assets/css/meanmenu.css]
[templates.hibootstrap.com/pizi/default/assets/css/magnific-popup.css]
[templates.hibootstrap.com/pizi/default/assets/css/nice-select.min.css]
[templates.hibootstrap.com/pizi/default/assets/css/style.css]
[templates.hibootstrap.com/pizi/default/assets/css/responsive.css]
[backblue.gif]
[fade.gif]
[index.html]
[templates.hibootstrap.com/pizi/default/assets/css/theme-dark.css]
[templates.hibootstrap.com/pizi/default/assets/img/favicon.png]
[templates.hibootstrap.com/pizi/default/assets/img/footer-logo.png]
[templates.hibootstrap.com/pizi/default/assets/img/logo-white.png]
[templates.hibootstrap.com/pizi/default/index-2.html]
[templates.hibootstrap.com/pizi/default/index-3.html]
[templates.hibootstrap.com/pizi/default/about.html]
[templates.hibootstrap.com/pizi/default/projects.html]
[templates.hibootstrap.com/pizi/default/pricing.html]
[templates.hibootstrap.com/pizi/default/gallery.html]
[templates.hibootstrap.com/pizi/default/team.html]
[templates.hibootstrap.com/pizi/default/faq.html]
[templates.hibootstrap.com/pizi/default/book-service.html]
[templates.hibootstrap.com/pizi/default/testimonials.html]
[templates.hibootstrap.com/pizi/default/404.html]
[templates.hibootstrap.com/pizi/default/sign-in.html]
[templates.hibootstrap.com/pizi/default/sing-up.html]
[templates.hibootstrap.com/pizi/default/recover-password.html]
[templates.hibootstrap.com/pizi/default/terms-condition.html]
[templates.hibootstrap.com/pizi/default/privacy-policy.html]
[templates.hibootstrap.com/pizi/default/coming-soon.html]
[templates.hibootstrap.com/pizi/default/services.html]
[templates.hibootstrap.com/pizi/default/service-details.html]
[templates.hibootstrap.com/pizi/default/shop.html]
[templates.hibootstrap.com/pizi/default/cart.html]
[templates.hibootstrap.com/pizi/default/checkout.html]
[templates.hibootstrap.com/pizi/default/shop-details.html]
[templates.hibootstrap.com/pizi/default/blog.html]
[templates.hibootstrap.com/pizi/default/blog-details.html]
[templates.hibootstrap.com/pizi/default/contact.html]
[templates.hibootstrap.com/pizi/default/assets/img/logo.png]
[templates.hibootstrap.com/pizi/default/assets/img/blog/1.jpg]
[templates.hibootstrap.com/pizi/default/assets/img/blog/2.jpg]
[templates.hibootstrap.com/pizi/default/assets/img/blog/3.jpg]
[templates.hibootstrap.com/pizi/default/assets/img/about/1.jpg]
[templates.hibootstrap.com/pizi/default/assets/img/about/dots.png]
[templates.hibootstrap.com/pizi/default/assets/img/about/shape.png]
[templates.hibootstrap.com/pizi/default/assets/img/management/1.jpg]
[templates.hibootstrap.com/pizi/default/assets/img/management/2.jpg]
[templates.hibootstrap.com/pizi/default/assets/img/management/3.jpg]
[templates.hibootstrap.com/pizi/default/assets/img/management/4.jpg]
[templates.hibootstrap.com/pizi/default/assets/img/offer/1.jpg]
[templates.hibootstrap.com/pizi/default/assets/img/brand/b1.png]
[templates.hibootstrap.com/pizi/default/assets/img/brand/brand1.png]
[templates.hibootstrap.com/pizi/default/assets/img/brand/b2.png]
[templates.hibootstrap.com/pizi/default/assets/img/brand/brand2.png]
[templates.hibootstrap.com/pizi/default/assets/img/brand/b3.png]
[templates.hibootstrap.com/pizi/default/assets/img/brand/brand3.png]
[templates.hibootstrap.com/pizi/default/assets/img/brand/b4.png]
[templates.hibootstrap.com/pizi/default/assets/img/brand/brand4.png]
[templates.hibootstrap.com/pizi/default/assets/img/brand/b5.png]
[templates.hibootstrap.com/pizi/default/assets/img/brand/brand5.png]
[templates.hibootstrap.com/pizi/default/assets/img/2.jpg]
[templates.hibootstrap.com/pizi/default/assets/img/project/1.jpg]
[templates.hibootstrap.com/pizi/default/assets/img/project/2.jpg]
[templates.hibootstrap.com/pizi/default/assets/img/project/3.jpg]
[templates.hibootstrap.com/pizi/default/assets/img/testimonial/t-1.png]
[templates.hibootstrap.com/pizi/default/assets/img/testimonial/t-2.png]
[templates.hibootstrap.com/pizi/default/price.html]
[templates.hibootstrap.com/cdn-cgi/scripts/5c5dd728/cloudflare-static/email-decode.min.js]
[templates.hibootstrap.com/pizi/default/assets/js/jquery.min.js]
[templates.hibootstrap.com/pizi/default/assets/js/bootstrap.bundle.js]
[templates.hibootstrap.com/pizi/default/assets/js/owl.carousel.min.js]
[templates.hibootstrap.com/pizi/default/assets/js/wow.min.js]
[templates.hibootstrap.com/pizi/default/assets/js/meanmenu.js]
[templates.hibootstrap.com/pizi/default/assets/js/jquery.magnific-popup.min.js]
[templates.hibootstrap.com/pizi/default/assets/js/jquery.nice-select.min.js]
[templates.hibootstrap.com/pizi/default/assets/js/jquery.ajaxchimp.min.js]
[templates.hibootstrap.com/pizi/default/assets/js/form-validator.min.js]
[templates.hibootstrap.com/pizi/default/assets/js/contact-form-script.js]
[templates.hibootstrap.com/pizi/default/index.html]
[templates.hibootstrap.com/pizi/default/assets/css/bootstrap.min.css]
[templates.hibootstrap.com/pizi/default/assets/css/owl.theme.default.min.css]
[templates.hibootstrap.com/pizi/default/assets/js/custom.js]
[templates.hibootstrap.com/pizi/default/assets/css/owl.video.play.png]
[templates.hibootstrap.com/pizi/default/assets/css/owl.carousel.min.css]
[templates.hibootstrap.com/pizi/default/assets/fonts/Flaticon.eot]
[templates.hibootstrap.com/pizi/default/assets/fonts/Flaticond41d.eot]
[templates.hibootstrap.com/pizi/default/assets/fonts/Flaticon.woff2]
[templates.hibootstrap.com/pizi/default/assets/fonts/Flaticon.woff]
[templates.hibootstrap.com/pizi/default/assets/fonts/Flaticon.ttf]
[templates.hibootstrap.com/pizi/default/assets/fonts/flaticon.css]
[templates.hibootstrap.com/pizi/default/assets/fonts/Flaticon.svg]
[templates.hibootstrap.com/pizi/default/assets/fonts/boxicons.eot]
[templates.hibootstrap.com/pizi/default/assets/fonts/boxicons.woff2]
[templates.hibootstrap.com/pizi/default/assets/fonts/boxicons.woff]
[templates.hibootstrap.com/pizi/default/assets/fonts/boxicons.ttf]
[templates.hibootstrap.com/pizi/default/assets/css/boxicons.min.css]
[templates.hibootstrap.com/pizi/default/assets/css/animate.min.css]
[templates.hibootstrap.com/pizi/default/assets/css/meanmenu.css]
[templates.hibootstrap.com/pizi/default/assets/css/magnific-popup.css]
[templates.hibootstrap.com/pizi/default/assets/css/nice-select.min.css]
[templates.hibootstrap.com/pizi/default/assets/img/home1/2.jpg]
[templates.hibootstrap.com/pizi/default/assets/img/home1/3.jpg]
[templates.hibootstrap.com/pizi/default/assets/fonts/boxiconsd41d.svg]
[templates.hibootstrap.com/pizi/default/assets/img/home1/1.jpg]
[templates.hibootstrap.com/pizi/default/assets/img/inner-banner/5.jpg]
[templates.hibootstrap.com/pizi/default/assets/img/testimonial/1.jpg]
[templates.hibootstrap.com/pizi/default/assets/img/home2.jpg]
[templates.hibootstrap.com/pizi/default/assets/img/about/4.jpg]
[templates.hibootstrap.com/pizi/default/assets/img/home3/1.jpg]
[templates.hibootstrap.com/pizi/default/assets/img/home3/2.jpg]
[templates.hibootstrap.com/pizi/default/assets/img/home3/3.jpg]
[templates.hibootstrap.com/pizi/default/assets/img/1.jpg]
[templates.hibootstrap.com/pizi/default/assets/img/blog/4.jpg]
[templates.hibootstrap.com/pizi/default/assets/img/blog/6.jpg]
[templates.hibootstrap.com/pizi/default/assets/img/inner-banner/1.jpg]
[templates.hibootstrap.com/pizi/default/assets/img/inner-banner/2.jpg]
[templates.hibootstrap.com/pizi/default/assets/img/inner-banner/3.jpg]
[templates.hibootstrap.com/pizi/default/assets/img/inner-banner/4.jpg]
[templates.hibootstrap.com/pizi/default/assets/img/inner-banner/6.jpg]
[templates.hibootstrap.com/pizi/default/assets/img/inner-banner/7.jpg]
[templates.hibootstrap.com/pizi/default/assets/img/inner-banner/8.jpg]
[templates.hibootstrap.com/pizi/default/assets/img/inner-banner/9.jpg]
[templates.hibootstrap.com/pizi/default/assets/img/inner-banner/10.jpg]
[templates.hibootstrap.com/pizi/default/assets/img/inner-banner/coming-soon-page.jpg]
[templates.hibootstrap.com/pizi/default/assets/css/style.css]
[templates.hibootstrap.com/pizi/default/assets/css/responsive.css]
[templates.hibootstrap.com/pizi/default/assets/img/night.png]
[templates.hibootstrap.com/pizi/default/assets/img/sunny.png]
[templates.hibootstrap.com/pizi/default/assets/css/theme-dark.css]
[templates.hibootstrap.com/pizi/default/assets/img/about/2.jpg]
[templates.hibootstrap.com/pizi/default/assets/img/about/bg-img.png]
[templates.hibootstrap.com/pizi/default/assets/img/offer/2.jpg]
[templates.hibootstrap.com/pizi/default/assets/img/team/1.jpg]
[templates.hibootstrap.com/pizi/default/assets/img/team/logo-bg.png]
[templates.hibootstrap.com/pizi/default/assets/img/team/logo-bg2.png]
[templates.hibootstrap.com/pizi/default/assets/img/team/2.jpg]
[templates.hibootstrap.com/pizi/default/assets/img/team/3.jpg]
[templates.hibootstrap.com/pizi/default/assets/img/team/4.jpg]
[templates.hibootstrap.com/pizi/default/assets/img/team/5.jpg]
[templates.hibootstrap.com/pizi/default/assets/img/gallery/g-1.jpg]
[templates.hibootstrap.com/pizi/default/assets/img/gallery/g-2.jpg]
[templates.hibootstrap.com/pizi/default/assets/img/gallery/g-3.jpg]
[templates.hibootstrap.com/pizi/default/assets/img/gallery/g-4.jpg]
[templates.hibootstrap.com/pizi/default/assets/img/gallery/g-5.jpg]
[templates.hibootstrap.com/pizi/default/assets/img/gallery/g-6.jpg]
[templates.hibootstrap.com/pizi/default/index-2.html]
[templates.hibootstrap.com/pizi/default/assets/img/about/logo-bg.png]
[templates.hibootstrap.com/pizi/default/assets/img/about/3.jpg]
[templates.hibootstrap.com/pizi/default/assets/img/team/6.jpg]
[templates.hibootstrap.com/pizi/default/assets/img/team/7.jpg]
[templates.hibootstrap.com/pizi/default/index-3.html]
[templates.hibootstrap.com/pizi/default/assets/img/about/t-1.jpg]
[templates.hibootstrap.com/pizi/default/assets/img/about/t-2.jpg]
[templates.hibootstrap.com/pizi/default/assets/img/about/t-3.jpg]
[templates.hibootstrap.com/pizi/default/about.html]
[templates.hibootstrap.com/pizi/default/assets/img/project/s-1.jpg]
[templates.hibootstrap.com/pizi/default/assets/img/project/s-2.jpg]
[templates.hibootstrap.com/pizi/default/assets/img/project/4.jpg]
[templates.hibootstrap.com/pizi/default/assets/img/project/5.jpg]
[templates.hibootstrap.com/pizi/default/assets/img/project/6.jpg]
[templates.hibootstrap.com/pizi/default/assets/img/project/7.jpg]
[templates.hibootstrap.com/pizi/default/assets/img/project/8.jpg]
[templates.hibootstrap.com/pizi/default/projects.html]
[templates.hibootstrap.com/pizi/default/pricing.html]
[templates.hibootstrap.com/pizi/default/assets/img/gallery/1.jpg]
[templates.hibootstrap.com/pizi/default/assets/img/gallery/2.jpg]
[templates.hibootstrap.com/pizi/default/assets/img/gallery/3.jpg]
[templates.hibootstrap.com/pizi/default/assets/img/gallery/4.jpg]
[templates.hibootstrap.com/pizi/default/assets/img/gallery/5.jpg]
[templates.hibootstrap.com/pizi/default/assets/img/gallery/6.jpg]
[templates.hibootstrap.com/pizi/default/assets/img/gallery/7.jpg]
[templates.hibootstrap.com/pizi/default/assets/img/gallery/8.jpg]
[templates.hibootstrap.com/pizi/default/assets/img/gallery/9.jpg]
[templates.hibootstrap.com/pizi/default/gallery.html]
[templates.hibootstrap.com/pizi/default/assets/img/team/8.jpg]
[templates.hibootstrap.com/pizi/default/assets/img/team/9.jpg]
[templates.hibootstrap.com/pizi/default/team.html]
[templates.hibootstrap.com/pizi/default/assets/img/contact-img.jpg]
[templates.hibootstrap.com/pizi/default/faq.html]
[templates.hibootstrap.com/pizi/default/book-service.html]
[templates.hibootstrap.com/pizi/default/assets/img/testimonial/t-3.png]
[templates.hibootstrap.com/pizi/default/assets/img/testimonial/t-4.png]
[templates.hibootstrap.com/pizi/default/testimonials.html]
[templates.hibootstrap.com/pizi/default/404.html]
[templates.hibootstrap.com/pizi/default/sign-in.html]
[templates.hibootstrap.com/pizi/default/sing-up.html]
[templates.hibootstrap.com/pizi/default/recover-password.html]
[templates.hibootstrap.com/pizi/default/terms-condition.html]
[templates.hibootstrap.com/pizi/default/privacy-policy.html]
[templates.hibootstrap.com/pizi/default/coming-soon.html]
[templates.hibootstrap.com/pizi/default/services.html]
[templates.hibootstrap.com/pizi/default/assets/img/service-details/1.jpg]
[templates.hibootstrap.com/pizi/default/assets/img/service-details/2.jpg]
[templates.hibootstrap.com/pizi/default/assets/img/service-details/3.jpg]
[templates.hibootstrap.com/pizi/default/assets/img/service-details/logo.png]
[templates.hibootstrap.com/pizi/default/service-details.html]
[templates.hibootstrap.com/pizi/default/assets/img/shop/1.jpg]
[templates.hibootstrap.com/pizi/default/assets/img/shop/2.jpg]
[templates.hibootstrap.com/pizi/default/assets/img/shop/3.jpg]
[templates.hibootstrap.com/pizi/default/assets/img/shop/4.jpg]
[templates.hibootstrap.com/pizi/default/assets/img/shop/5.jpg]
[templates.hibootstrap.com/pizi/default/assets/img/shop/6.jpg]
[templates.hibootstrap.com/pizi/default/assets/img/shop/7.jpg]
[templates.hibootstrap.com/pizi/default/assets/img/shop/8.jpg]
[templates.hibootstrap.com/pizi/default/assets/img/shop/9.jpg]
[templates.hibootstrap.com/pizi/default/shop.html]
[templates.hibootstrap.com/pizi/default/cart.html]
[templates.hibootstrap.com/pizi/default/checkout.html]
[templates.hibootstrap.com/pizi/default/assets/img/shop/shop-dtls.jpg]
[templates.hibootstrap.com/pizi/default/shop-details.html]
[templates.hibootstrap.com/pizi/default/assets/img/blog/5.jpg]
[templates.hibootstrap.com/pizi/default/assets/img/blog/b-1.png]
[templates.hibootstrap.com/pizi/default/blog.html]
[templates.hibootstrap.com/pizi/default/assets/img/blog/blog-dtls.jpg]
[templates.hibootstrap.com/pizi/default/assets/img/blog/b-2.png]
[templates.hibootstrap.com/pizi/default/assets/img/blog/b-3.png]
[templates.hibootstrap.com/pizi/default/assets/img/blog/proflie.png]
[templates.hibootstrap.com/pizi/default/assets/img/blog/bd-1.jpg]
[templates.hibootstrap.com/pizi/default/assets/img/blog/bd-2.jpg]
[templates.hibootstrap.com/pizi/default/assets/img/blog/bd-3.jpg]
[templates.hibootstrap.com/pizi/default/blog-details.html]
[templates.hibootstrap.com/pizi/default/contact.html]
[templates.hibootstrap.com/pizi/default/price.html]
[templates.hibootstrap.com/pizi/default/assets/css/owl.video.play.html]
[templates.hibootstrap.com/pizi/default/assets/fonts/Flaticon.svg]
[templates.hibootstrap.com/pizi/default/assets/fonts/boxiconsd41d.svg]
